// Jest Snapshot v1, https://goo.gl/fbAQLP

exports[`renderResponse middleware allows to render a frame as json if Accept header is used 1`] = `"{"fc:frame":"vNext","fc:frame:image":"data:image/png;base64,AAAAAAAAAAAAAA==","fc:frame:post_url":"","fc:frame:image:aspect_ratio":"1.91:1","fc:frame:button:1":"Click me 1","fc:frame:button:1:action":"post","fc:frame:button:1:target":"https://example.com/?__bi=1%3Ap&__bs=%22customStateValue1%22"}"`;

exports[`renderResponse middleware allows to render a frame with image defined as react element 1`] = `"<meta name="og:image" content="data:image/png;base64,AAAAAAAAAAAAAA=="/><meta name="fc:frame" content="vNext"/><meta name="fc:frame:image" content="data:image/png;base64,AAAAAAAAAAAAAA=="/><meta name="fc:frame:post_url" content=""/><meta name="fc:frame:image:aspect_ratio" content="1.91:1"/><meta name="fc:frame:button:1" content="Click me 1"/><meta name="fc:frame:button:1:action" content="post"/><meta name="fc:frame:button:1:target" content="https://example.com/?__bi=1%3Ap&__bs=%22customStateValue1%22"/><meta name="fc:frame:button:2" content="Click me 2"/><meta name="fc:frame:button:2:action" content="post"/><meta name="fc:frame:button:2:target" content="https://example.com/a/b?__bi=2%3Ap&__bs=%7B%22a%22%3Atrue%7D"/><meta name="fc:frame:button:3" content="Click me 3"/><meta name="fc:frame:button:3:action" content="post"/><meta name="fc:frame:button:3:target" content="https://example.com/test?__bi=3%3Ap&__bs=10"/>"`;

exports[`renderResponse middleware properly resolves against basePath 1`] = `"<meta name="og:image" content="data:image/png;base64,AAAAAAAAAAAAAA=="/><meta name="fc:frame" content="vNext"/><meta name="fc:frame:image" content="data:image/png;base64,AAAAAAAAAAAAAA=="/><meta name="fc:frame:post_url" content=""/><meta name="fc:frame:image:aspect_ratio" content="1.91:1"/><meta name="fc:frame:button:1" content="Click me 1"/><meta name="fc:frame:button:1:action" content="post"/><meta name="fc:frame:button:1:target" content="https://example.com/prefixed/test?__bi=1%3Ap&__bs=%22customStateValue1%22"/>"`;

exports[`renderResponse middleware renders text input 1`] = `"<meta name="og:image" content="data:image/png;base64,AAAAAAAAAAAAAA=="/><meta name="fc:frame" content="vNext"/><meta name="fc:frame:image" content="data:image/png;base64,AAAAAAAAAAAAAA=="/><meta name="fc:frame:post_url" content=""/><meta name="fc:frame:image:aspect_ratio" content="1.91:1"/><meta name="fc:frame:input:text" content="My input"/>"`;
